<?xml version="1.0" encoding="UTF-8"?>
<TestRun id="acee9ed8-6d57-4576-829f-1497b4749557" name="claus@AUGUSTSRV1 2010-05-17 12:49:03" runUser="AUGUSTSRV1\claus" xmlns="http://microsoft.com/schemas/VisualStudio/TeamTest/2010">
  <TestSettings name="Default Test Settings" id="97a5a818-d3b8-4fa9-ab24-8637dae7b2ed">
    <Deployment runDeploymentRoot="claus_AUGUSTSRV1 2010-05-17 12_49_03">
      <DeploymentItem filename="D:\DevProjects\SongSearch\SongSearch.Web\bin\SongSearch.Web.dll" />
    </Deployment>
    <Execution>
      <TestTypeSpecific />
      <AgentRule name="Execution Agents">
      </AgentRule>
    </Execution>
  </TestSettings>
  <Times creation="2010-05-17T12:49:03.8127987+02:00" queuing="2010-05-17T12:49:04.6058441+02:00" start="2010-05-17T12:49:04.7158504+02:00" finish="2010-05-17T12:49:12.8663166+02:00" />
  <ResultSummary outcome="Completed">
    <Counters total="1" executed="1" passed="1" error="0" failed="0" timeout="0" aborted="0" inconclusive="0" passedButRunAborted="0" notRunnable="0" notExecuted="0" disconnected="0" warning="0" completed="0" inProgress="0" pending="0" />
  </ResultSummary>
  <TestDefinitions>
    <UnitTest name="Lookup_List_Catalog_Should_Return_180_Items" storage="d:\devprojects\songsearch\codewerks.songsearch.web.tests\bin\debug\codewerks.songsearch.web.tests.dll" id="ec8562aa-b94a-01eb-5d97-634dbfca393b">
      <Execution id="5403ca0e-d77a-490c-9b87-d04475165d8f" />
      <TestMethod codeBase="D:/DevProjects/SongSearch/Codewerks.SongSearch.Web.Tests/bin/Debug/Codewerks.SongSearch.Web.Tests.DLL" adapterTypeName="Microsoft.VisualStudio.TestTools.TestTypes.Unit.UnitTestAdapter, Microsoft.VisualStudio.QualityTools.Tips.UnitTest.Adapter, Version=10.0.0.0, Culture=neutral, PublicKeyToken=b03f5f7f11d50a3a" className="Codewerks.SongSearch.Web.Tests.Services.SearchServiceTests, Codewerks.SongSearch.Web.Tests, Version=1.0.0.0, Culture=neutral, PublicKeyToken=null" name="Lookup_List_Catalog_Should_Return_180_Items" />
    </UnitTest>
  </TestDefinitions>
  <TestLists>
    <TestList name="Results Not in a List" id="8c84fa94-04c1-424b-9868-57a2d4851a1d" />
    <TestList name="All Loaded Results" id="19431567-8539-422a-85d7-44ee4e166bda" />
  </TestLists>
  <TestEntries>
    <TestEntry testId="ec8562aa-b94a-01eb-5d97-634dbfca393b" executionId="5403ca0e-d77a-490c-9b87-d04475165d8f" testListId="8c84fa94-04c1-424b-9868-57a2d4851a1d" />
  </TestEntries>
  <Results>
    <UnitTestResult executionId="5403ca0e-d77a-490c-9b87-d04475165d8f" testId="ec8562aa-b94a-01eb-5d97-634dbfca393b" testName="Lookup_List_Catalog_Should_Return_180_Items" computerName="AUGUSTSRV1" duration="00:00:05.4363425" startTime="2010-05-17T12:49:04.8228565+02:00" endTime="2010-05-17T12:49:11.2612247+02:00" testType="13cdc9d9-ddb5-4fa4-a97d-d965ccfc6d4b" outcome="Passed" testListId="8c84fa94-04c1-424b-9868-57a2d4851a1d" relativeResultsDirectory="5403ca0e-d77a-490c-9b87-d04475165d8f">
    </UnitTestResult>
  </Results>
</TestRun>