<?xml version="1.0" encoding="UTF-8"?>
<TestRun id="1e2ccbc3-cf11-4ad8-966c-f43a834ae7b8" name="claus@AUGUSTSRV1 2010-05-20 10:47:38" runUser="AUGUSTSRV1\claus" xmlns="http://microsoft.com/schemas/VisualStudio/TeamTest/2010">
  <TestSettings name="Default Test Settings" id="83a5c9b8-0fd1-4631-a2a6-8d369bd86185">
    <Deployment runDeploymentRoot="claus_AUGUSTSRV1 2010-05-20 10_47_38">
      <DeploymentItem filename="D:\DevProjects\SongSearch\SongSearch.Web\bin\SongSearch.Web.dll" />
    </Deployment>
    <Execution>
      <TestTypeSpecific />
      <AgentRule name="Execution Agents">
      </AgentRule>
    </Execution>
  </TestSettings>
  <Times creation="2010-05-20T10:47:38.6840360+02:00" queuing="2010-05-20T10:47:40.3111290+02:00" start="2010-05-20T10:47:40.5181409+02:00" finish="2010-05-20T10:48:05.6525785+02:00" />
  <ResultSummary outcome="Completed">
    <Counters total="1" executed="1" passed="1" error="0" failed="0" timeout="0" aborted="0" inconclusive="0" passedButRunAborted="0" notRunnable="0" notExecuted="0" disconnected="0" warning="0" completed="0" inProgress="0" pending="0" />
  </ResultSummary>
  <TestDefinitions>
    <UnitTest name="Can_Return_Users_In_Hierarchy" storage="d:\devprojects\songsearch\codewerks.songsearch.web.tests\bin\debug\codewerks.songsearch.web.tests.dll" id="a7c6e228-2395-cfba-3e41-d7ea50c38b95">
      <Execution id="c4ee877c-48e6-48de-96dd-3aafdc9e4edf" />
      <TestMethod codeBase="D:/DevProjects/SongSearch/Codewerks.SongSearch.Web.Tests/bin/Debug/Codewerks.SongSearch.Web.Tests.DLL" adapterTypeName="Microsoft.VisualStudio.TestTools.TestTypes.Unit.UnitTestAdapter, Microsoft.VisualStudio.QualityTools.Tips.UnitTest.Adapter, Version=10.0.0.0, Culture=neutral, PublicKeyToken=b03f5f7f11d50a3a" className="Codewerks.SongSearch.Web.Tests.Services.UserManagementTests, Codewerks.SongSearch.Web.Tests, Version=1.0.0.0, Culture=neutral, PublicKeyToken=null" name="Can_Return_Users_In_Hierarchy" />
    </UnitTest>
  </TestDefinitions>
  <TestLists>
    <TestList name="Results Not in a List" id="8c84fa94-04c1-424b-9868-57a2d4851a1d" />
    <TestList name="All Loaded Results" id="19431567-8539-422a-85d7-44ee4e166bda" />
  </TestLists>
  <TestEntries>
    <TestEntry testId="a7c6e228-2395-cfba-3e41-d7ea50c38b95" executionId="c4ee877c-48e6-48de-96dd-3aafdc9e4edf" testListId="8c84fa94-04c1-424b-9868-57a2d4851a1d" />
  </TestEntries>
  <Results>
    <UnitTestResult executionId="c4ee877c-48e6-48de-96dd-3aafdc9e4edf" testId="a7c6e228-2395-cfba-3e41-d7ea50c38b95" testName="Can_Return_Users_In_Hierarchy" computerName="AUGUSTSRV1" duration="00:00:06.5707421" startTime="2010-05-20T10:47:40.6231469+02:00" endTime="2010-05-20T10:48:04.0384862+02:00" testType="13cdc9d9-ddb5-4fa4-a97d-d965ccfc6d4b" outcome="Passed" testListId="8c84fa94-04c1-424b-9868-57a2d4851a1d" relativeResultsDirectory="c4ee877c-48e6-48de-96dd-3aafdc9e4edf">
    </UnitTestResult>
  </Results>
</TestRun>