<?xml version="1.0" encoding="UTF-8"?>
<TestRun id="eb23588b-c644-4c0c-b224-141c198be48c" name="claus@AUGUSTSRV1 2010-05-14 09:59:01" runUser="AUGUSTSRV1\claus" xmlns="http://microsoft.com/schemas/VisualStudio/TeamTest/2010">
  <TestSettings name="Default Test Settings" id="b0e0567b-c8fd-4bf2-be5f-6a16e81cde98">
    <Deployment runDeploymentRoot="claus_AUGUSTSRV1 2010-05-14 09_59_01">
      <DeploymentItem filename="D:\DevProjects\SongSearch\SongSearch.Web\bin\SongSearch.Web.dll" />
    </Deployment>
    <Execution>
      <TestTypeSpecific />
      <AgentRule name="Execution Agents">
      </AgentRule>
    </Execution>
  </TestSettings>
  <Times creation="2010-05-14T09:59:01.2022309+02:00" queuing="2010-05-14T09:59:01.3002365+02:00" start="2010-05-14T09:59:01.3072369+02:00" finish="2010-05-14T09:59:02.0692805+02:00" />
  <ResultSummary outcome="Failed">
    <Counters total="19" executed="19" passed="17" error="0" failed="2" timeout="0" aborted="0" inconclusive="0" passedButRunAborted="0" notRunnable="0" notExecuted="0" disconnected="0" warning="0" completed="0" inProgress="0" pending="0" />
  </ResultSummary>
  <TestDefinitions>
    <UnitTest name="Plugger_Can_Update_User_Signature" storage="d:\devprojects\songsearch\codewerks.songsearch.web.tests\bin\debug\codewerks.songsearch.web.tests.dll" id="dd5d3388-224c-fa9a-fbf1-c14a18cb024a">
      <Execution id="3d263f6d-bdeb-4a4e-8170-bda257086686" />
      <TestMethod codeBase="D:/DevProjects/SongSearch/Codewerks.SongSearch.Web.Tests/bin/Debug/Codewerks.SongSearch.Web.Tests.DLL" adapterTypeName="Microsoft.VisualStudio.TestTools.TestTypes.Unit.UnitTestAdapter, Microsoft.VisualStudio.QualityTools.Tips.UnitTest.Adapter, Version=10.0.0.0, Culture=neutral, PublicKeyToken=b03f5f7f11d50a3a" className="Codewerks.SongSearch.Web.Tests.Services.AccountServiceTests, Codewerks.SongSearch.Web.Tests, Version=1.0.0.0, Culture=neutral, PublicKeyToken=null" name="Plugger_Can_Update_User_Signature" />
    </UnitTest>
    <UnitTest name="Admin_User_Can_Assign_Sub_User_to_Admin_Role" storage="d:\devprojects\songsearch\codewerks.songsearch.web.tests\bin\debug\codewerks.songsearch.web.tests.dll" id="ceb94232-d682-bd97-ce34-2a86954b7008">
      <Execution id="e581b13f-9cd3-4a75-8361-21a9f5f9ccab" />
      <TestMethod codeBase="D:/DevProjects/SongSearch/Codewerks.SongSearch.Web.Tests/bin/Debug/Codewerks.SongSearch.Web.Tests.DLL" adapterTypeName="Microsoft.VisualStudio.TestTools.TestTypes.Unit.UnitTestAdapter, Microsoft.VisualStudio.QualityTools.Tips.UnitTest.Adapter, Version=10.0.0.0, Culture=neutral, PublicKeyToken=b03f5f7f11d50a3a" className="Codewerks.SongSearch.Web.Tests.Services.UserManagementTests, Codewerks.SongSearch.Web.Tests, Version=1.0.0.0, Culture=neutral, PublicKeyToken=null" name="Admin_User_Can_Assign_Sub_User_to_Admin_Role" />
    </UnitTest>
    <UnitTest name="Can_Check_If_User_Exists" storage="d:\devprojects\songsearch\codewerks.songsearch.web.tests\bin\debug\codewerks.songsearch.web.tests.dll" id="f8dbdc96-0372-dcf3-e5dc-fea79600ec53">
      <Execution id="75e95975-4d77-4f57-80a3-893e14d8aa72" />
      <TestMethod codeBase="D:/DevProjects/SongSearch/Codewerks.SongSearch.Web.Tests/bin/Debug/Codewerks.SongSearch.Web.Tests.DLL" adapterTypeName="Microsoft.VisualStudio.TestTools.TestTypes.Unit.UnitTestAdapter, Microsoft.VisualStudio.QualityTools.Tips.UnitTest.Adapter, Version=10.0.0.0, Culture=neutral, PublicKeyToken=b03f5f7f11d50a3a" className="Codewerks.SongSearch.Web.Tests.Services.AccountServiceTests, Codewerks.SongSearch.Web.Tests, Version=1.0.0.0, Culture=neutral, PublicKeyToken=null" name="Can_Check_If_User_Exists" />
    </UnitTest>
    <UnitTest name="Can_Register_User" storage="d:\devprojects\songsearch\codewerks.songsearch.web.tests\bin\debug\codewerks.songsearch.web.tests.dll" id="383df81d-0cf7-f78f-00b8-047cdd4e0106">
      <Execution id="1567c3e6-02e7-4d21-aa5d-5c01dbc2970e" />
      <TestMethod codeBase="D:/DevProjects/SongSearch/Codewerks.SongSearch.Web.Tests/bin/Debug/Codewerks.SongSearch.Web.Tests.DLL" adapterTypeName="Microsoft.VisualStudio.TestTools.TestTypes.Unit.UnitTestAdapter, Microsoft.VisualStudio.QualityTools.Tips.UnitTest.Adapter, Version=10.0.0.0, Culture=neutral, PublicKeyToken=b03f5f7f11d50a3a" className="Codewerks.SongSearch.Web.Tests.Services.AccountServiceTests, Codewerks.SongSearch.Web.Tests, Version=1.0.0.0, Culture=neutral, PublicKeyToken=null" name="Can_Register_User" />
    </UnitTest>
    <UnitTest name="About" storage="d:\devprojects\songsearch\codewerks.songsearch.web.tests\bin\debug\codewerks.songsearch.web.tests.dll" id="b270f591-1c17-1130-9063-b64ccb18dc5d">
      <Execution id="bb126f74-f7a2-4d21-beac-969eed221dfc" />
      <TestMethod codeBase="D:/DevProjects/SongSearch/Codewerks.SongSearch.Web.Tests/bin/Debug/Codewerks.SongSearch.Web.Tests.DLL" adapterTypeName="Microsoft.VisualStudio.TestTools.TestTypes.Unit.UnitTestAdapter, Microsoft.VisualStudio.QualityTools.Tips.UnitTest.Adapter, Version=10.0.0.0, Culture=neutral, PublicKeyToken=b03f5f7f11d50a3a" className="Codewerks.SongSearch.Web.Tests.Controllers.HomeControllerTest, Codewerks.SongSearch.Web.Tests, Version=1.0.0.0, Culture=neutral, PublicKeyToken=null" name="About" />
    </UnitTest>
    <UnitTest name="Can_Delete_Users_And_Take_Ownership" storage="d:\devprojects\songsearch\codewerks.songsearch.web.tests\bin\debug\codewerks.songsearch.web.tests.dll" id="b351b4a4-3702-7f3d-9b25-abc379caff38">
      <Execution id="4c380f04-95e4-47af-be80-d9553dc5558f" />
      <TestMethod codeBase="D:/DevProjects/SongSearch/Codewerks.SongSearch.Web.Tests/bin/Debug/Codewerks.SongSearch.Web.Tests.DLL" adapterTypeName="Microsoft.VisualStudio.TestTools.TestTypes.Unit.UnitTestAdapter, Microsoft.VisualStudio.QualityTools.Tips.UnitTest.Adapter, Version=10.0.0.0, Culture=neutral, PublicKeyToken=b03f5f7f11d50a3a" className="Codewerks.SongSearch.Web.Tests.Services.UserManagementTests, Codewerks.SongSearch.Web.Tests, Version=1.0.0.0, Culture=neutral, PublicKeyToken=null" name="Can_Delete_Users_And_Take_Ownership" />
    </UnitTest>
    <UnitTest name="Can_Delete_Users_Without_Taking_Ownership" storage="d:\devprojects\songsearch\codewerks.songsearch.web.tests\bin\debug\codewerks.songsearch.web.tests.dll" id="3728e9d3-be19-a6c9-288c-bd5c59a8ff6c">
      <Execution id="a853c2ef-986f-4f72-84e7-2885ff4fea2a" />
      <TestMethod codeBase="D:/DevProjects/SongSearch/Codewerks.SongSearch.Web.Tests/bin/Debug/Codewerks.SongSearch.Web.Tests.DLL" adapterTypeName="Microsoft.VisualStudio.TestTools.TestTypes.Unit.UnitTestAdapter, Microsoft.VisualStudio.QualityTools.Tips.UnitTest.Adapter, Version=10.0.0.0, Culture=neutral, PublicKeyToken=b03f5f7f11d50a3a" className="Codewerks.SongSearch.Web.Tests.Services.UserManagementTests, Codewerks.SongSearch.Web.Tests, Version=1.0.0.0, Culture=neutral, PublicKeyToken=null" name="Can_Delete_Users_Without_Taking_Ownership" />
    </UnitTest>
    <UnitTest name="Can_Validate_User" storage="d:\devprojects\songsearch\codewerks.songsearch.web.tests\bin\debug\codewerks.songsearch.web.tests.dll" id="c01ecd59-549f-b493-9daa-31765063ba2e">
      <Execution id="a7ac9ce9-f8ff-4c97-9439-34c419d37730" />
      <TestMethod codeBase="D:/DevProjects/SongSearch/Codewerks.SongSearch.Web.Tests/bin/Debug/Codewerks.SongSearch.Web.Tests.DLL" adapterTypeName="Microsoft.VisualStudio.TestTools.TestTypes.Unit.UnitTestAdapter, Microsoft.VisualStudio.QualityTools.Tips.UnitTest.Adapter, Version=10.0.0.0, Culture=neutral, PublicKeyToken=b03f5f7f11d50a3a" className="Codewerks.SongSearch.Web.Tests.Services.AccountServiceTests, Codewerks.SongSearch.Web.Tests, Version=1.0.0.0, Culture=neutral, PublicKeyToken=null" name="Can_Validate_User" />
    </UnitTest>
    <UnitTest name="User_Can_Update_Password" storage="d:\devprojects\songsearch\codewerks.songsearch.web.tests\bin\debug\codewerks.songsearch.web.tests.dll" id="12a79eb3-8091-2978-ec4a-1a438b9e5698">
      <Execution id="4d143618-21c7-4871-8add-c726d5bf0588" />
      <TestMethod codeBase="D:/DevProjects/SongSearch/Codewerks.SongSearch.Web.Tests/bin/Debug/Codewerks.SongSearch.Web.Tests.DLL" adapterTypeName="Microsoft.VisualStudio.TestTools.TestTypes.Unit.UnitTestAdapter, Microsoft.VisualStudio.QualityTools.Tips.UnitTest.Adapter, Version=10.0.0.0, Culture=neutral, PublicKeyToken=b03f5f7f11d50a3a" className="Codewerks.SongSearch.Web.Tests.Services.AccountServiceTests, Codewerks.SongSearch.Web.Tests, Version=1.0.0.0, Culture=neutral, PublicKeyToken=null" name="User_Can_Update_Password" />
    </UnitTest>
    <UnitTest name="Super_Admin_Sees_All_Users_In_Hierarchy" storage="d:\devprojects\songsearch\codewerks.songsearch.web.tests\bin\debug\codewerks.songsearch.web.tests.dll" id="93b3c708-2b44-119b-ab40-3047a62ede22">
      <Execution id="b0b78da0-9e98-40fe-a8c6-b203a4da5c7a" />
      <TestMethod codeBase="D:/DevProjects/SongSearch/Codewerks.SongSearch.Web.Tests/bin/Debug/Codewerks.SongSearch.Web.Tests.DLL" adapterTypeName="Microsoft.VisualStudio.TestTools.TestTypes.Unit.UnitTestAdapter, Microsoft.VisualStudio.QualityTools.Tips.UnitTest.Adapter, Version=10.0.0.0, Culture=neutral, PublicKeyToken=b03f5f7f11d50a3a" className="Codewerks.SongSearch.Web.Tests.Services.UserManagementTests, Codewerks.SongSearch.Web.Tests, Version=1.0.0.0, Culture=neutral, PublicKeyToken=null" name="Super_Admin_Sees_All_Users_In_Hierarchy" />
    </UnitTest>
    <UnitTest name="Client_Cannot_Update_User_Signature" storage="d:\devprojects\songsearch\codewerks.songsearch.web.tests\bin\debug\codewerks.songsearch.web.tests.dll" id="0923243c-c7df-2a4c-1830-fa3228830f0f">
      <Execution id="a8297b8e-fce2-4c3f-8e93-c4ee47dcc4af" />
      <TestMethod codeBase="D:/DevProjects/SongSearch/Codewerks.SongSearch.Web.Tests/bin/Debug/Codewerks.SongSearch.Web.Tests.DLL" adapterTypeName="Microsoft.VisualStudio.TestTools.TestTypes.Unit.UnitTestAdapter, Microsoft.VisualStudio.QualityTools.Tips.UnitTest.Adapter, Version=10.0.0.0, Culture=neutral, PublicKeyToken=b03f5f7f11d50a3a" className="Codewerks.SongSearch.Web.Tests.Services.AccountServiceTests, Codewerks.SongSearch.Web.Tests, Version=1.0.0.0, Culture=neutral, PublicKeyToken=null" name="Client_Cannot_Update_User_Signature" />
    </UnitTest>
    <UnitTest name="Non_Admin_User_Sees_No_Sub_Users_In_Hierarchy" storage="d:\devprojects\songsearch\codewerks.songsearch.web.tests\bin\debug\codewerks.songsearch.web.tests.dll" id="30282ccf-8089-a760-df28-e70b9fe4acd8">
      <Execution id="635219c5-5b26-43c3-b69d-bd0bce353c46" />
      <TestMethod codeBase="D:/DevProjects/SongSearch/Codewerks.SongSearch.Web.Tests/bin/Debug/Codewerks.SongSearch.Web.Tests.DLL" adapterTypeName="Microsoft.VisualStudio.TestTools.TestTypes.Unit.UnitTestAdapter, Microsoft.VisualStudio.QualityTools.Tips.UnitTest.Adapter, Version=10.0.0.0, Culture=neutral, PublicKeyToken=b03f5f7f11d50a3a" className="Codewerks.SongSearch.Web.Tests.Services.UserManagementTests, Codewerks.SongSearch.Web.Tests, Version=1.0.0.0, Culture=neutral, PublicKeyToken=null" name="Non_Admin_User_Sees_No_Sub_Users_In_Hierarchy" />
    </UnitTest>
    <UnitTest name="Index" storage="d:\devprojects\songsearch\codewerks.songsearch.web.tests\bin\debug\codewerks.songsearch.web.tests.dll" id="6ca95dc0-7466-0679-ddb1-72d4afa47c2b">
      <Execution id="f253a4c5-3be2-4601-b198-90504b4e5454" />
      <TestMethod codeBase="D:/DevProjects/SongSearch/Codewerks.SongSearch.Web.Tests/bin/Debug/Codewerks.SongSearch.Web.Tests.DLL" adapterTypeName="Microsoft.VisualStudio.TestTools.TestTypes.Unit.UnitTestAdapter, Microsoft.VisualStudio.QualityTools.Tips.UnitTest.Adapter, Version=10.0.0.0, Culture=neutral, PublicKeyToken=b03f5f7f11d50a3a" className="Codewerks.SongSearch.Web.Tests.Controllers.HomeControllerTest, Codewerks.SongSearch.Web.Tests, Version=1.0.0.0, Culture=neutral, PublicKeyToken=null" name="Index" />
    </UnitTest>
    <UnitTest name="There_Is_At_Least_One_SuperAdmin" storage="d:\devprojects\songsearch\codewerks.songsearch.web.tests\bin\debug\codewerks.songsearch.web.tests.dll" id="b2026308-33b4-0f1a-e1dd-2c3dd8d079ca">
      <Execution id="f326c88d-aae3-4ef9-9d20-0f14d11ed11d" />
      <TestMethod codeBase="D:/DevProjects/SongSearch/Codewerks.SongSearch.Web.Tests/bin/Debug/Codewerks.SongSearch.Web.Tests.DLL" adapterTypeName="Microsoft.VisualStudio.TestTools.TestTypes.Unit.UnitTestAdapter, Microsoft.VisualStudio.QualityTools.Tips.UnitTest.Adapter, Version=10.0.0.0, Culture=neutral, PublicKeyToken=b03f5f7f11d50a3a" className="Codewerks.SongSearch.Web.Tests.Services.UserManagementTests, Codewerks.SongSearch.Web.Tests, Version=1.0.0.0, Culture=neutral, PublicKeyToken=null" name="There_Is_At_Least_One_SuperAdmin" />
    </UnitTest>
    <UnitTest name="Registered_User_Has_Invitation_Parent_User" storage="d:\devprojects\songsearch\codewerks.songsearch.web.tests\bin\debug\codewerks.songsearch.web.tests.dll" id="d5c3ae95-a9fd-a4e7-216c-59d7e4ff9120">
      <Execution id="b8c16492-fa56-43aa-9474-ff22b5c1ac04" />
      <TestMethod codeBase="D:/DevProjects/SongSearch/Codewerks.SongSearch.Web.Tests/bin/Debug/Codewerks.SongSearch.Web.Tests.DLL" adapterTypeName="Microsoft.VisualStudio.TestTools.TestTypes.Unit.UnitTestAdapter, Microsoft.VisualStudio.QualityTools.Tips.UnitTest.Adapter, Version=10.0.0.0, Culture=neutral, PublicKeyToken=b03f5f7f11d50a3a" className="Codewerks.SongSearch.Web.Tests.Services.AccountServiceTests, Codewerks.SongSearch.Web.Tests, Version=1.0.0.0, Culture=neutral, PublicKeyToken=null" name="Registered_User_Has_Invitation_Parent_User" />
    </UnitTest>
    <UnitTest name="User_Detail_Returns_Correct_User" storage="d:\devprojects\songsearch\codewerks.songsearch.web.tests\bin\debug\codewerks.songsearch.web.tests.dll" id="85f05119-b65c-f07d-be58-7782c8847530">
      <Execution id="e6c43f3a-a979-4644-9596-43ea1251d3ec" />
      <TestMethod codeBase="D:/DevProjects/SongSearch/Codewerks.SongSearch.Web.Tests/bin/Debug/Codewerks.SongSearch.Web.Tests.DLL" adapterTypeName="Microsoft.VisualStudio.TestTools.TestTypes.Unit.UnitTestAdapter, Microsoft.VisualStudio.QualityTools.Tips.UnitTest.Adapter, Version=10.0.0.0, Culture=neutral, PublicKeyToken=b03f5f7f11d50a3a" className="Codewerks.SongSearch.Web.Tests.Services.UserManagementTests, Codewerks.SongSearch.Web.Tests, Version=1.0.0.0, Culture=neutral, PublicKeyToken=null" name="User_Detail_Returns_Correct_User" />
    </UnitTest>
    <UnitTest name="Can_Return_Users_In_Hierarchy" storage="d:\devprojects\songsearch\codewerks.songsearch.web.tests\bin\debug\codewerks.songsearch.web.tests.dll" id="a7c6e228-2395-cfba-3e41-d7ea50c38b95">
      <Execution id="671ec2ea-fa36-4003-a5d8-67cbc7f99b09" />
      <TestMethod codeBase="D:/DevProjects/SongSearch/Codewerks.SongSearch.Web.Tests/bin/Debug/Codewerks.SongSearch.Web.Tests.DLL" adapterTypeName="Microsoft.VisualStudio.TestTools.TestTypes.Unit.UnitTestAdapter, Microsoft.VisualStudio.QualityTools.Tips.UnitTest.Adapter, Version=10.0.0.0, Culture=neutral, PublicKeyToken=b03f5f7f11d50a3a" className="Codewerks.SongSearch.Web.Tests.Services.UserManagementTests, Codewerks.SongSearch.Web.Tests, Version=1.0.0.0, Culture=neutral, PublicKeyToken=null" name="Can_Return_Users_In_Hierarchy" />
    </UnitTest>
    <UnitTest name="User_Can_Update_Profile" storage="d:\devprojects\songsearch\codewerks.songsearch.web.tests\bin\debug\codewerks.songsearch.web.tests.dll" id="2545f0ac-ee15-695d-55a9-2467c05da84d">
      <Execution id="755e4cab-4cf6-4f61-ab95-fb33bc4fd713" />
      <TestMethod codeBase="D:/DevProjects/SongSearch/Codewerks.SongSearch.Web.Tests/bin/Debug/Codewerks.SongSearch.Web.Tests.DLL" adapterTypeName="Microsoft.VisualStudio.TestTools.TestTypes.Unit.UnitTestAdapter, Microsoft.VisualStudio.QualityTools.Tips.UnitTest.Adapter, Version=10.0.0.0, Culture=neutral, PublicKeyToken=b03f5f7f11d50a3a" className="Codewerks.SongSearch.Web.Tests.Services.AccountServiceTests, Codewerks.SongSearch.Web.Tests, Version=1.0.0.0, Culture=neutral, PublicKeyToken=null" name="User_Can_Update_Profile" />
    </UnitTest>
    <UnitTest name="Admin_User_Sees_Only_Sub_Users_In_Hierarchy" storage="d:\devprojects\songsearch\codewerks.songsearch.web.tests\bin\debug\codewerks.songsearch.web.tests.dll" id="f2142372-e954-6c1e-5dcc-05755cfcc659">
      <Execution id="4ebd2c8b-db20-43a5-85d2-deb0009cdb01" />
      <TestMethod codeBase="D:/DevProjects/SongSearch/Codewerks.SongSearch.Web.Tests/bin/Debug/Codewerks.SongSearch.Web.Tests.DLL" adapterTypeName="Microsoft.VisualStudio.TestTools.TestTypes.Unit.UnitTestAdapter, Microsoft.VisualStudio.QualityTools.Tips.UnitTest.Adapter, Version=10.0.0.0, Culture=neutral, PublicKeyToken=b03f5f7f11d50a3a" className="Codewerks.SongSearch.Web.Tests.Services.UserManagementTests, Codewerks.SongSearch.Web.Tests, Version=1.0.0.0, Culture=neutral, PublicKeyToken=null" name="Admin_User_Sees_Only_Sub_Users_In_Hierarchy" />
    </UnitTest>
  </TestDefinitions>
  <TestLists>
    <TestList name="Results Not in a List" id="8c84fa94-04c1-424b-9868-57a2d4851a1d" />
    <TestList name="All Loaded Results" id="19431567-8539-422a-85d7-44ee4e166bda" />
  </TestLists>
  <TestEntries>
    <TestEntry testId="0923243c-c7df-2a4c-1830-fa3228830f0f" executionId="a8297b8e-fce2-4c3f-8e93-c4ee47dcc4af" testListId="8c84fa94-04c1-424b-9868-57a2d4851a1d" />
    <TestEntry testId="12a79eb3-8091-2978-ec4a-1a438b9e5698" executionId="4d143618-21c7-4871-8add-c726d5bf0588" testListId="8c84fa94-04c1-424b-9868-57a2d4851a1d" />
    <TestEntry testId="2545f0ac-ee15-695d-55a9-2467c05da84d" executionId="755e4cab-4cf6-4f61-ab95-fb33bc4fd713" testListId="8c84fa94-04c1-424b-9868-57a2d4851a1d" />
    <TestEntry testId="30282ccf-8089-a760-df28-e70b9fe4acd8" executionId="635219c5-5b26-43c3-b69d-bd0bce353c46" testListId="8c84fa94-04c1-424b-9868-57a2d4851a1d" />
    <TestEntry testId="3728e9d3-be19-a6c9-288c-bd5c59a8ff6c" executionId="a853c2ef-986f-4f72-84e7-2885ff4fea2a" testListId="8c84fa94-04c1-424b-9868-57a2d4851a1d" />
    <TestEntry testId="383df81d-0cf7-f78f-00b8-047cdd4e0106" executionId="1567c3e6-02e7-4d21-aa5d-5c01dbc2970e" testListId="8c84fa94-04c1-424b-9868-57a2d4851a1d" />
    <TestEntry testId="6ca95dc0-7466-0679-ddb1-72d4afa47c2b" executionId="f253a4c5-3be2-4601-b198-90504b4e5454" testListId="8c84fa94-04c1-424b-9868-57a2d4851a1d" />
    <TestEntry testId="85f05119-b65c-f07d-be58-7782c8847530" executionId="e6c43f3a-a979-4644-9596-43ea1251d3ec" testListId="8c84fa94-04c1-424b-9868-57a2d4851a1d" />
    <TestEntry testId="93b3c708-2b44-119b-ab40-3047a62ede22" executionId="b0b78da0-9e98-40fe-a8c6-b203a4da5c7a" testListId="8c84fa94-04c1-424b-9868-57a2d4851a1d" />
    <TestEntry testId="a7c6e228-2395-cfba-3e41-d7ea50c38b95" executionId="671ec2ea-fa36-4003-a5d8-67cbc7f99b09" testListId="8c84fa94-04c1-424b-9868-57a2d4851a1d" />
    <TestEntry testId="b2026308-33b4-0f1a-e1dd-2c3dd8d079ca" executionId="f326c88d-aae3-4ef9-9d20-0f14d11ed11d" testListId="8c84fa94-04c1-424b-9868-57a2d4851a1d" />
    <TestEntry testId="b270f591-1c17-1130-9063-b64ccb18dc5d" executionId="bb126f74-f7a2-4d21-beac-969eed221dfc" testListId="8c84fa94-04c1-424b-9868-57a2d4851a1d" />
    <TestEntry testId="b351b4a4-3702-7f3d-9b25-abc379caff38" executionId="4c380f04-95e4-47af-be80-d9553dc5558f" testListId="8c84fa94-04c1-424b-9868-57a2d4851a1d" />
    <TestEntry testId="c01ecd59-549f-b493-9daa-31765063ba2e" executionId="a7ac9ce9-f8ff-4c97-9439-34c419d37730" testListId="8c84fa94-04c1-424b-9868-57a2d4851a1d" />
    <TestEntry testId="ceb94232-d682-bd97-ce34-2a86954b7008" executionId="e581b13f-9cd3-4a75-8361-21a9f5f9ccab" testListId="8c84fa94-04c1-424b-9868-57a2d4851a1d" />
    <TestEntry testId="d5c3ae95-a9fd-a4e7-216c-59d7e4ff9120" executionId="b8c16492-fa56-43aa-9474-ff22b5c1ac04" testListId="8c84fa94-04c1-424b-9868-57a2d4851a1d" />
    <TestEntry testId="dd5d3388-224c-fa9a-fbf1-c14a18cb024a" executionId="3d263f6d-bdeb-4a4e-8170-bda257086686" testListId="8c84fa94-04c1-424b-9868-57a2d4851a1d" />
    <TestEntry testId="f2142372-e954-6c1e-5dcc-05755cfcc659" executionId="4ebd2c8b-db20-43a5-85d2-deb0009cdb01" testListId="8c84fa94-04c1-424b-9868-57a2d4851a1d" />
    <TestEntry testId="f8dbdc96-0372-dcf3-e5dc-fea79600ec53" executionId="75e95975-4d77-4f57-80a3-893e14d8aa72" testListId="8c84fa94-04c1-424b-9868-57a2d4851a1d" />
  </TestEntries>
  <Results>
    <UnitTestResult executionId="a8297b8e-fce2-4c3f-8e93-c4ee47dcc4af" testId="0923243c-c7df-2a4c-1830-fa3228830f0f" testName="Client_Cannot_Update_User_Signature" computerName="AUGUSTSRV1" duration="00:00:00.1050231" startTime="2010-05-14T09:59:01.3092370+02:00" endTime="2010-05-14T09:59:01.7582627+02:00" testType="13cdc9d9-ddb5-4fa4-a97d-d965ccfc6d4b" outcome="Passed" testListId="8c84fa94-04c1-424b-9868-57a2d4851a1d" relativeResultsDirectory="a8297b8e-fce2-4c3f-8e93-c4ee47dcc4af">
    </UnitTestResult>
    <UnitTestResult executionId="4d143618-21c7-4871-8add-c726d5bf0588" testId="12a79eb3-8091-2978-ec4a-1a438b9e5698" testName="User_Can_Update_Password" computerName="AUGUSTSRV1" duration="00:00:00.0969915" startTime="2010-05-14T09:59:01.7582627+02:00" endTime="2010-05-14T09:59:01.8582684+02:00" testType="13cdc9d9-ddb5-4fa4-a97d-d965ccfc6d4b" outcome="Passed" testListId="8c84fa94-04c1-424b-9868-57a2d4851a1d" relativeResultsDirectory="4d143618-21c7-4871-8add-c726d5bf0588">
    </UnitTestResult>
    <UnitTestResult executionId="755e4cab-4cf6-4f61-ab95-fb33bc4fd713" testId="2545f0ac-ee15-695d-55a9-2467c05da84d" testName="User_Can_Update_Profile" computerName="AUGUSTSRV1" duration="00:00:00.0314244" startTime="2010-05-14T09:59:01.8612686+02:00" endTime="2010-05-14T09:59:01.8962706+02:00" testType="13cdc9d9-ddb5-4fa4-a97d-d965ccfc6d4b" outcome="Failed" testListId="8c84fa94-04c1-424b-9868-57a2d4851a1d" relativeResultsDirectory="755e4cab-4cf6-4f61-ab95-fb33bc4fd713">
      <Output>
        <ErrorInfo>
          <Message>Assert.AreEqual failed. Expected:&lt;Client 9:59:01 AM&gt;. Actual:&lt;User&gt;. </Message>
          <StackTrace>   at Codewerks.SongSearch.Web.Tests.Services.AccountServiceTests.User_Can_Update_Profile() in D:\DevProjects\SongSearch\Codewerks.SongSearch.Web.Tests\Services\AccountServiceTests.cs:line 126
</StackTrace>
        </ErrorInfo>
      </Output>
    </UnitTestResult>
    <UnitTestResult executionId="635219c5-5b26-43c3-b69d-bd0bce353c46" testId="30282ccf-8089-a760-df28-e70b9fe4acd8" testName="Non_Admin_User_Sees_No_Sub_Users_In_Hierarchy" computerName="AUGUSTSRV1" duration="00:00:00.0100917" startTime="2010-05-14T09:59:01.8972706+02:00" endTime="2010-05-14T09:59:01.9142716+02:00" testType="13cdc9d9-ddb5-4fa4-a97d-d965ccfc6d4b" outcome="Passed" testListId="8c84fa94-04c1-424b-9868-57a2d4851a1d" relativeResultsDirectory="635219c5-5b26-43c3-b69d-bd0bce353c46">
    </UnitTestResult>
    <UnitTestResult executionId="a853c2ef-986f-4f72-84e7-2885ff4fea2a" testId="3728e9d3-be19-a6c9-288c-bd5c59a8ff6c" testName="Can_Delete_Users_Without_Taking_Ownership" computerName="AUGUSTSRV1" duration="00:00:00.0000988" startTime="2010-05-14T09:59:01.9152717+02:00" endTime="2010-05-14T09:59:01.9182718+02:00" testType="13cdc9d9-ddb5-4fa4-a97d-d965ccfc6d4b" outcome="Passed" testListId="8c84fa94-04c1-424b-9868-57a2d4851a1d" relativeResultsDirectory="a853c2ef-986f-4f72-84e7-2885ff4fea2a">
    </UnitTestResult>
    <UnitTestResult executionId="1567c3e6-02e7-4d21-aa5d-5c01dbc2970e" testId="383df81d-0cf7-f78f-00b8-047cdd4e0106" testName="Can_Register_User" computerName="AUGUSTSRV1" duration="00:00:00.0069720" startTime="2010-05-14T09:59:01.9192719+02:00" endTime="2010-05-14T09:59:01.9292725+02:00" testType="13cdc9d9-ddb5-4fa4-a97d-d965ccfc6d4b" outcome="Passed" testListId="8c84fa94-04c1-424b-9868-57a2d4851a1d" relativeResultsDirectory="1567c3e6-02e7-4d21-aa5d-5c01dbc2970e">
    </UnitTestResult>
    <UnitTestResult executionId="f253a4c5-3be2-4601-b198-90504b4e5454" testId="6ca95dc0-7466-0679-ddb1-72d4afa47c2b" testName="Index" computerName="AUGUSTSRV1" duration="00:00:00.0062299" startTime="2010-05-14T09:59:01.9292725+02:00" endTime="2010-05-14T09:59:01.9392730+02:00" testType="13cdc9d9-ddb5-4fa4-a97d-d965ccfc6d4b" outcome="Failed" testListId="8c84fa94-04c1-424b-9868-57a2d4851a1d" relativeResultsDirectory="f253a4c5-3be2-4601-b198-90504b4e5454">
      <Output>
        <ErrorInfo>
          <Message>Test method Codewerks.SongSearch.Web.Tests.Controllers.HomeControllerTest.Index threw exception: 
System.NullReferenceException: Object reference not set to an instance of an object.</Message>
          <StackTrace>    at Codewerks.SongSearch.Web.Tests.Controllers.HomeControllerTest.Index() in D:\DevProjects\SongSearch\Codewerks.SongSearch.Web.Tests\Controllers\HomeControllerTest.cs:line 22
</StackTrace>
        </ErrorInfo>
      </Output>
    </UnitTestResult>
    <UnitTestResult executionId="e6c43f3a-a979-4644-9596-43ea1251d3ec" testId="85f05119-b65c-f07d-be58-7782c8847530" testName="User_Detail_Returns_Correct_User" computerName="AUGUSTSRV1" duration="00:00:00.0034621" startTime="2010-05-14T09:59:01.9402731+02:00" endTime="2010-05-14T09:59:01.9462734+02:00" testType="13cdc9d9-ddb5-4fa4-a97d-d965ccfc6d4b" outcome="Passed" testListId="8c84fa94-04c1-424b-9868-57a2d4851a1d" relativeResultsDirectory="e6c43f3a-a979-4644-9596-43ea1251d3ec">
    </UnitTestResult>
    <UnitTestResult executionId="b0b78da0-9e98-40fe-a8c6-b203a4da5c7a" testId="93b3c708-2b44-119b-ab40-3047a62ede22" testName="Super_Admin_Sees_All_Users_In_Hierarchy" computerName="AUGUSTSRV1" duration="00:00:00.0080936" startTime="2010-05-14T09:59:01.9472735+02:00" endTime="2010-05-14T09:59:01.9582741+02:00" testType="13cdc9d9-ddb5-4fa4-a97d-d965ccfc6d4b" outcome="Passed" testListId="8c84fa94-04c1-424b-9868-57a2d4851a1d" relativeResultsDirectory="b0b78da0-9e98-40fe-a8c6-b203a4da5c7a">
    </UnitTestResult>
    <UnitTestResult executionId="671ec2ea-fa36-4003-a5d8-67cbc7f99b09" testId="a7c6e228-2395-cfba-3e41-d7ea50c38b95" testName="Can_Return_Users_In_Hierarchy" computerName="AUGUSTSRV1" duration="00:00:00.0048001" startTime="2010-05-14T09:59:01.9582741+02:00" endTime="2010-05-14T09:59:01.9662746+02:00" testType="13cdc9d9-ddb5-4fa4-a97d-d965ccfc6d4b" outcome="Passed" testListId="8c84fa94-04c1-424b-9868-57a2d4851a1d" relativeResultsDirectory="671ec2ea-fa36-4003-a5d8-67cbc7f99b09">
    </UnitTestResult>
    <UnitTestResult executionId="f326c88d-aae3-4ef9-9d20-0f14d11ed11d" testId="b2026308-33b4-0f1a-e1dd-2c3dd8d079ca" testName="There_Is_At_Least_One_SuperAdmin" computerName="AUGUSTSRV1" duration="00:00:00.0053028" startTime="2010-05-14T09:59:01.9672746+02:00" endTime="2010-05-14T09:59:01.9752751+02:00" testType="13cdc9d9-ddb5-4fa4-a97d-d965ccfc6d4b" outcome="Passed" testListId="8c84fa94-04c1-424b-9868-57a2d4851a1d" relativeResultsDirectory="f326c88d-aae3-4ef9-9d20-0f14d11ed11d">
    </UnitTestResult>
    <UnitTestResult executionId="bb126f74-f7a2-4d21-beac-969eed221dfc" testId="b270f591-1c17-1130-9063-b64ccb18dc5d" testName="About" computerName="AUGUSTSRV1" duration="00:00:00.0032061" startTime="2010-05-14T09:59:01.9752751+02:00" endTime="2010-05-14T09:59:01.9822755+02:00" testType="13cdc9d9-ddb5-4fa4-a97d-d965ccfc6d4b" outcome="Passed" testListId="8c84fa94-04c1-424b-9868-57a2d4851a1d" relativeResultsDirectory="bb126f74-f7a2-4d21-beac-969eed221dfc">
    </UnitTestResult>
    <UnitTestResult executionId="4c380f04-95e4-47af-be80-d9553dc5558f" testId="b351b4a4-3702-7f3d-9b25-abc379caff38" testName="Can_Delete_Users_And_Take_Ownership" computerName="AUGUSTSRV1" duration="00:00:00.0000774" startTime="2010-05-14T09:59:01.9822755+02:00" endTime="2010-05-14T09:59:01.9852757+02:00" testType="13cdc9d9-ddb5-4fa4-a97d-d965ccfc6d4b" outcome="Passed" testListId="8c84fa94-04c1-424b-9868-57a2d4851a1d" relativeResultsDirectory="4c380f04-95e4-47af-be80-d9553dc5558f">
    </UnitTestResult>
    <UnitTestResult executionId="a7ac9ce9-f8ff-4c97-9439-34c419d37730" testId="c01ecd59-549f-b493-9daa-31765063ba2e" testName="Can_Validate_User" computerName="AUGUSTSRV1" duration="00:00:00.0027965" startTime="2010-05-14T09:59:01.9862757+02:00" endTime="2010-05-14T09:59:01.9912760+02:00" testType="13cdc9d9-ddb5-4fa4-a97d-d965ccfc6d4b" outcome="Passed" testListId="8c84fa94-04c1-424b-9868-57a2d4851a1d" relativeResultsDirectory="a7ac9ce9-f8ff-4c97-9439-34c419d37730">
    </UnitTestResult>
    <UnitTestResult executionId="e581b13f-9cd3-4a75-8361-21a9f5f9ccab" testId="ceb94232-d682-bd97-ce34-2a86954b7008" testName="Admin_User_Can_Assign_Sub_User_to_Admin_Role" computerName="AUGUSTSRV1" duration="00:00:00.0093736" startTime="2010-05-14T09:59:01.9922761+02:00" endTime="2010-05-14T09:59:02.0042767+02:00" testType="13cdc9d9-ddb5-4fa4-a97d-d965ccfc6d4b" outcome="Passed" testListId="8c84fa94-04c1-424b-9868-57a2d4851a1d" relativeResultsDirectory="e581b13f-9cd3-4a75-8361-21a9f5f9ccab">
    </UnitTestResult>
    <UnitTestResult executionId="b8c16492-fa56-43aa-9474-ff22b5c1ac04" testId="d5c3ae95-a9fd-a4e7-216c-59d7e4ff9120" testName="Registered_User_Has_Invitation_Parent_User" computerName="AUGUSTSRV1" duration="00:00:00.0046986" startTime="2010-05-14T09:59:02.0052768+02:00" endTime="2010-05-14T09:59:02.0132773+02:00" testType="13cdc9d9-ddb5-4fa4-a97d-d965ccfc6d4b" outcome="Passed" testListId="8c84fa94-04c1-424b-9868-57a2d4851a1d" relativeResultsDirectory="b8c16492-fa56-43aa-9474-ff22b5c1ac04">
    </UnitTestResult>
    <UnitTestResult executionId="3d263f6d-bdeb-4a4e-8170-bda257086686" testId="dd5d3388-224c-fa9a-fbf1-c14a18cb024a" testName="Plugger_Can_Update_User_Signature" computerName="AUGUSTSRV1" duration="00:00:00.0082216" startTime="2010-05-14T09:59:02.0132773+02:00" endTime="2010-05-14T09:59:02.0252779+02:00" testType="13cdc9d9-ddb5-4fa4-a97d-d965ccfc6d4b" outcome="Passed" testListId="8c84fa94-04c1-424b-9868-57a2d4851a1d" relativeResultsDirectory="3d263f6d-bdeb-4a4e-8170-bda257086686">
    </UnitTestResult>
    <UnitTestResult executionId="4ebd2c8b-db20-43a5-85d2-deb0009cdb01" testId="f2142372-e954-6c1e-5dcc-05755cfcc659" testName="Admin_User_Sees_Only_Sub_Users_In_Hierarchy" computerName="AUGUSTSRV1" duration="00:00:00.0146221" startTime="2010-05-14T09:59:02.0262780+02:00" endTime="2010-05-14T09:59:02.0432790+02:00" testType="13cdc9d9-ddb5-4fa4-a97d-d965ccfc6d4b" outcome="Passed" testListId="8c84fa94-04c1-424b-9868-57a2d4851a1d" relativeResultsDirectory="4ebd2c8b-db20-43a5-85d2-deb0009cdb01">
    </UnitTestResult>
    <UnitTestResult executionId="75e95975-4d77-4f57-80a3-893e14d8aa72" testId="f8dbdc96-0372-dcf3-e5dc-fea79600ec53" testName="Can_Check_If_User_Exists" computerName="AUGUSTSRV1" duration="00:00:00.0029037" startTime="2010-05-14T09:59:02.0442790+02:00" endTime="2010-05-14T09:59:02.0502794+02:00" testType="13cdc9d9-ddb5-4fa4-a97d-d965ccfc6d4b" outcome="Passed" testListId="8c84fa94-04c1-424b-9868-57a2d4851a1d" relativeResultsDirectory="75e95975-4d77-4f57-80a3-893e14d8aa72">
    </UnitTestResult>
  </Results>
</TestRun>