<?xml version="1.0" encoding="UTF-8"?>
<TestRun id="25ceb3c3-f3ea-4268-ab77-aa9d0cbddef0" name="claus@AUGUSTSRV1 2010-05-17 12:50:34" runUser="AUGUSTSRV1\claus" xmlns="http://microsoft.com/schemas/VisualStudio/TeamTest/2010">
  <TestSettings name="Default Test Settings" id="78822c45-410f-432d-937c-d70f70aba4bb">
    <Deployment runDeploymentRoot="claus_AUGUSTSRV1 2010-05-17 12_50_34">
      <DeploymentItem filename="D:\DevProjects\SongSearch\SongSearch.Web\bin\SongSearch.Web.dll" />
    </Deployment>
    <Execution>
      <TestTypeSpecific />
      <AgentRule name="Execution Agents">
      </AgentRule>
    </Execution>
  </TestSettings>
  <Times creation="2010-05-17T12:50:34.9980142+02:00" queuing="2010-05-17T12:50:35.1200212+02:00" start="2010-05-17T12:50:35.1460227+02:00" finish="2010-05-17T12:50:37.0761331+02:00" />
  <ResultSummary outcome="Completed">
    <Counters total="1" executed="1" passed="1" error="0" failed="0" timeout="0" aborted="0" inconclusive="0" passedButRunAborted="0" notRunnable="0" notExecuted="0" disconnected="0" warning="0" completed="0" inProgress="0" pending="0" />
  </ResultSummary>
  <TestDefinitions>
    <UnitTest name="Lookup_List_Territories_Should_Return_All_Items" storage="d:\devprojects\songsearch\codewerks.songsearch.web.tests\bin\debug\codewerks.songsearch.web.tests.dll" id="e5a4c698-1528-6183-e272-e075832678bb">
      <Execution id="f57743ab-31bd-4191-8aea-ac2ccc5a043e" />
      <TestMethod codeBase="D:/DevProjects/SongSearch/Codewerks.SongSearch.Web.Tests/bin/Debug/Codewerks.SongSearch.Web.Tests.DLL" adapterTypeName="Microsoft.VisualStudio.TestTools.TestTypes.Unit.UnitTestAdapter, Microsoft.VisualStudio.QualityTools.Tips.UnitTest.Adapter, Version=10.0.0.0, Culture=neutral, PublicKeyToken=b03f5f7f11d50a3a" className="Codewerks.SongSearch.Web.Tests.Services.SearchServiceTests, Codewerks.SongSearch.Web.Tests, Version=1.0.0.0, Culture=neutral, PublicKeyToken=null" name="Lookup_List_Territories_Should_Return_All_Items" />
    </UnitTest>
  </TestDefinitions>
  <TestLists>
    <TestList name="Results Not in a List" id="8c84fa94-04c1-424b-9868-57a2d4851a1d" />
    <TestList name="All Loaded Results" id="19431567-8539-422a-85d7-44ee4e166bda" />
  </TestLists>
  <TestEntries>
    <TestEntry testId="e5a4c698-1528-6183-e272-e075832678bb" executionId="f57743ab-31bd-4191-8aea-ac2ccc5a043e" testListId="8c84fa94-04c1-424b-9868-57a2d4851a1d" />
  </TestEntries>
  <Results>
    <UnitTestResult executionId="f57743ab-31bd-4191-8aea-ac2ccc5a043e" testId="e5a4c698-1528-6183-e272-e075832678bb" testName="Lookup_List_Territories_Should_Return_All_Items" computerName="AUGUSTSRV1" duration="00:00:00.2024722" startTime="2010-05-17T12:50:35.1520230+02:00" endTime="2010-05-17T12:50:35.5530460+02:00" testType="13cdc9d9-ddb5-4fa4-a97d-d965ccfc6d4b" outcome="Passed" testListId="8c84fa94-04c1-424b-9868-57a2d4851a1d" relativeResultsDirectory="f57743ab-31bd-4191-8aea-ac2ccc5a043e">
    </UnitTestResult>
  </Results>
</TestRun>