<?xml version="1.0" encoding="UTF-8"?>
<TestRun id="fe9884ba-384c-4dff-97d1-73ccbe605879" name="claus@AUGUSTSRV1 2010-05-20 11:44:38" runUser="AUGUSTSRV1\claus" xmlns="http://microsoft.com/schemas/VisualStudio/TeamTest/2010">
  <TestSettings name="Default Test Settings" id="3fd9bc8c-9ab8-4204-9ae7-02ca37908a20">
    <Deployment runDeploymentRoot="claus_AUGUSTSRV1 2010-05-20 11_44_38">
      <DeploymentItem filename="D:\DevProjects\SongSearch\SongSearch.Web\bin\SongSearch.Web.dll" />
    </Deployment>
    <Execution>
      <TestTypeSpecific />
      <AgentRule name="Execution Agents">
      </AgentRule>
    </Execution>
  </TestSettings>
  <Times creation="2010-05-20T11:44:38.1046157+02:00" queuing="2010-05-20T11:44:38.3966324+02:00" start="2010-05-20T11:44:38.4026327+02:00" finish="2010-05-20T11:44:39.1246740+02:00" />
  <ResultSummary outcome="Failed">
    <Counters total="10" executed="10" passed="9" error="0" failed="1" timeout="0" aborted="0" inconclusive="0" passedButRunAborted="0" notRunnable="0" notExecuted="0" disconnected="0" warning="0" completed="0" inProgress="0" pending="0" />
  </ResultSummary>
  <TestDefinitions>
    <UnitTest name="Admin_User_Can_Revoke_Catalog_Access_To_User_And_ChildUsers" storage="d:\devprojects\songsearch\codewerks.songsearch.web.tests\bin\debug\codewerks.songsearch.web.tests.dll" id="195b2bff-14f1-429f-53f6-22f000228760">
      <Execution id="46707e6d-f399-4df2-9e4c-4964f94cf5db" />
      <TestMethod codeBase="D:/DevProjects/SongSearch/Codewerks.SongSearch.Web.Tests/bin/Debug/Codewerks.SongSearch.Web.Tests.DLL" adapterTypeName="Microsoft.VisualStudio.TestTools.TestTypes.Unit.UnitTestAdapter, Microsoft.VisualStudio.QualityTools.Tips.UnitTest.Adapter, Version=10.0.0.0, Culture=neutral, PublicKeyToken=b03f5f7f11d50a3a" className="Codewerks.SongSearch.Web.Tests.Services.UserManagementTests, Codewerks.SongSearch.Web.Tests, Version=1.0.0.0, Culture=neutral, PublicKeyToken=null" name="Admin_User_Can_Revoke_Catalog_Access_To_User_And_ChildUsers" />
    </UnitTest>
    <UnitTest name="Can_Return_Users_In_Hierarchy" storage="d:\devprojects\songsearch\codewerks.songsearch.web.tests\bin\debug\codewerks.songsearch.web.tests.dll" id="a7c6e228-2395-cfba-3e41-d7ea50c38b95">
      <Execution id="5b2ffadf-6df0-49bd-a2f7-c16e3c06232f" />
      <TestMethod codeBase="D:/DevProjects/SongSearch/Codewerks.SongSearch.Web.Tests/bin/Debug/Codewerks.SongSearch.Web.Tests.DLL" adapterTypeName="Microsoft.VisualStudio.TestTools.TestTypes.Unit.UnitTestAdapter, Microsoft.VisualStudio.QualityTools.Tips.UnitTest.Adapter, Version=10.0.0.0, Culture=neutral, PublicKeyToken=b03f5f7f11d50a3a" className="Codewerks.SongSearch.Web.Tests.Services.UserManagementTests, Codewerks.SongSearch.Web.Tests, Version=1.0.0.0, Culture=neutral, PublicKeyToken=null" name="Can_Return_Users_In_Hierarchy" />
    </UnitTest>
    <UnitTest name="Non_Admin_User_Sees_No_Sub_Users_In_Hierarchy" storage="d:\devprojects\songsearch\codewerks.songsearch.web.tests\bin\debug\codewerks.songsearch.web.tests.dll" id="30282ccf-8089-a760-df28-e70b9fe4acd8">
      <Execution id="6128ddc8-7499-4d81-8aa8-e3ad6174cd0f" />
      <TestMethod codeBase="D:/DevProjects/SongSearch/Codewerks.SongSearch.Web.Tests/bin/Debug/Codewerks.SongSearch.Web.Tests.DLL" adapterTypeName="Microsoft.VisualStudio.TestTools.TestTypes.Unit.UnitTestAdapter, Microsoft.VisualStudio.QualityTools.Tips.UnitTest.Adapter, Version=10.0.0.0, Culture=neutral, PublicKeyToken=b03f5f7f11d50a3a" className="Codewerks.SongSearch.Web.Tests.Services.UserManagementTests, Codewerks.SongSearch.Web.Tests, Version=1.0.0.0, Culture=neutral, PublicKeyToken=null" name="Non_Admin_User_Sees_No_Sub_Users_In_Hierarchy" />
    </UnitTest>
    <UnitTest name="Admin_User_Sees_Only_Sub_Users_In_Hierarchy" storage="d:\devprojects\songsearch\codewerks.songsearch.web.tests\bin\debug\codewerks.songsearch.web.tests.dll" id="f2142372-e954-6c1e-5dcc-05755cfcc659">
      <Execution id="e0804d83-de73-48b5-a87d-c2d718e5c663" />
      <TestMethod codeBase="D:/DevProjects/SongSearch/Codewerks.SongSearch.Web.Tests/bin/Debug/Codewerks.SongSearch.Web.Tests.DLL" adapterTypeName="Microsoft.VisualStudio.TestTools.TestTypes.Unit.UnitTestAdapter, Microsoft.VisualStudio.QualityTools.Tips.UnitTest.Adapter, Version=10.0.0.0, Culture=neutral, PublicKeyToken=b03f5f7f11d50a3a" className="Codewerks.SongSearch.Web.Tests.Services.UserManagementTests, Codewerks.SongSearch.Web.Tests, Version=1.0.0.0, Culture=neutral, PublicKeyToken=null" name="Admin_User_Sees_Only_Sub_Users_In_Hierarchy" />
    </UnitTest>
    <UnitTest name="User_Detail_Returns_Correct_User" storage="d:\devprojects\songsearch\codewerks.songsearch.web.tests\bin\debug\codewerks.songsearch.web.tests.dll" id="85f05119-b65c-f07d-be58-7782c8847530">
      <Execution id="8d77caba-9006-48dc-b483-614c3b2e1f0c" />
      <TestMethod codeBase="D:/DevProjects/SongSearch/Codewerks.SongSearch.Web.Tests/bin/Debug/Codewerks.SongSearch.Web.Tests.DLL" adapterTypeName="Microsoft.VisualStudio.TestTools.TestTypes.Unit.UnitTestAdapter, Microsoft.VisualStudio.QualityTools.Tips.UnitTest.Adapter, Version=10.0.0.0, Culture=neutral, PublicKeyToken=b03f5f7f11d50a3a" className="Codewerks.SongSearch.Web.Tests.Services.UserManagementTests, Codewerks.SongSearch.Web.Tests, Version=1.0.0.0, Culture=neutral, PublicKeyToken=null" name="User_Detail_Returns_Correct_User" />
    </UnitTest>
    <UnitTest name="There_Is_At_Least_One_SuperAdmin" storage="d:\devprojects\songsearch\codewerks.songsearch.web.tests\bin\debug\codewerks.songsearch.web.tests.dll" id="b2026308-33b4-0f1a-e1dd-2c3dd8d079ca">
      <Execution id="080b6fc0-4015-4f31-8d73-66e8adcd692b" />
      <TestMethod codeBase="D:/DevProjects/SongSearch/Codewerks.SongSearch.Web.Tests/bin/Debug/Codewerks.SongSearch.Web.Tests.DLL" adapterTypeName="Microsoft.VisualStudio.TestTools.TestTypes.Unit.UnitTestAdapter, Microsoft.VisualStudio.QualityTools.Tips.UnitTest.Adapter, Version=10.0.0.0, Culture=neutral, PublicKeyToken=b03f5f7f11d50a3a" className="Codewerks.SongSearch.Web.Tests.Services.UserManagementTests, Codewerks.SongSearch.Web.Tests, Version=1.0.0.0, Culture=neutral, PublicKeyToken=null" name="There_Is_At_Least_One_SuperAdmin" />
    </UnitTest>
    <UnitTest name="Can_Delete_Users_Without_Taking_Ownership" storage="d:\devprojects\songsearch\codewerks.songsearch.web.tests\bin\debug\codewerks.songsearch.web.tests.dll" id="3728e9d3-be19-a6c9-288c-bd5c59a8ff6c">
      <Execution id="e8ccaa5c-352b-4460-996d-b8581131f905" />
      <TestMethod codeBase="D:/DevProjects/SongSearch/Codewerks.SongSearch.Web.Tests/bin/Debug/Codewerks.SongSearch.Web.Tests.DLL" adapterTypeName="Microsoft.VisualStudio.TestTools.TestTypes.Unit.UnitTestAdapter, Microsoft.VisualStudio.QualityTools.Tips.UnitTest.Adapter, Version=10.0.0.0, Culture=neutral, PublicKeyToken=b03f5f7f11d50a3a" className="Codewerks.SongSearch.Web.Tests.Services.UserManagementTests, Codewerks.SongSearch.Web.Tests, Version=1.0.0.0, Culture=neutral, PublicKeyToken=null" name="Can_Delete_Users_Without_Taking_Ownership" />
    </UnitTest>
    <UnitTest name="Admin_User_Can_Assign_Child_User_to_Admin_Role" storage="d:\devprojects\songsearch\codewerks.songsearch.web.tests\bin\debug\codewerks.songsearch.web.tests.dll" id="98e9d748-47c8-48e8-5279-6704a97d2d67">
      <Execution id="255b74c7-c3e1-462d-a725-e42824099208" />
      <TestMethod codeBase="D:/DevProjects/SongSearch/Codewerks.SongSearch.Web.Tests/bin/Debug/Codewerks.SongSearch.Web.Tests.DLL" adapterTypeName="Microsoft.VisualStudio.TestTools.TestTypes.Unit.UnitTestAdapter, Microsoft.VisualStudio.QualityTools.Tips.UnitTest.Adapter, Version=10.0.0.0, Culture=neutral, PublicKeyToken=b03f5f7f11d50a3a" className="Codewerks.SongSearch.Web.Tests.Services.UserManagementTests, Codewerks.SongSearch.Web.Tests, Version=1.0.0.0, Culture=neutral, PublicKeyToken=null" name="Admin_User_Can_Assign_Child_User_to_Admin_Role" />
    </UnitTest>
    <UnitTest name="Can_Delete_Users_And_Take_Ownership" storage="d:\devprojects\songsearch\codewerks.songsearch.web.tests\bin\debug\codewerks.songsearch.web.tests.dll" id="b351b4a4-3702-7f3d-9b25-abc379caff38">
      <Execution id="c3da5a4e-964c-423f-832d-df18355173c6" />
      <TestMethod codeBase="D:/DevProjects/SongSearch/Codewerks.SongSearch.Web.Tests/bin/Debug/Codewerks.SongSearch.Web.Tests.DLL" adapterTypeName="Microsoft.VisualStudio.TestTools.TestTypes.Unit.UnitTestAdapter, Microsoft.VisualStudio.QualityTools.Tips.UnitTest.Adapter, Version=10.0.0.0, Culture=neutral, PublicKeyToken=b03f5f7f11d50a3a" className="Codewerks.SongSearch.Web.Tests.Services.UserManagementTests, Codewerks.SongSearch.Web.Tests, Version=1.0.0.0, Culture=neutral, PublicKeyToken=null" name="Can_Delete_Users_And_Take_Ownership" />
    </UnitTest>
    <UnitTest name="Super_Admin_Sees_All_Users_In_Hierarchy" storage="d:\devprojects\songsearch\codewerks.songsearch.web.tests\bin\debug\codewerks.songsearch.web.tests.dll" id="93b3c708-2b44-119b-ab40-3047a62ede22">
      <Execution id="56e775d0-6596-431f-9079-99f3e12b1d1b" />
      <TestMethod codeBase="D:/DevProjects/SongSearch/Codewerks.SongSearch.Web.Tests/bin/Debug/Codewerks.SongSearch.Web.Tests.DLL" adapterTypeName="Microsoft.VisualStudio.TestTools.TestTypes.Unit.UnitTestAdapter, Microsoft.VisualStudio.QualityTools.Tips.UnitTest.Adapter, Version=10.0.0.0, Culture=neutral, PublicKeyToken=b03f5f7f11d50a3a" className="Codewerks.SongSearch.Web.Tests.Services.UserManagementTests, Codewerks.SongSearch.Web.Tests, Version=1.0.0.0, Culture=neutral, PublicKeyToken=null" name="Super_Admin_Sees_All_Users_In_Hierarchy" />
    </UnitTest>
  </TestDefinitions>
  <TestLists>
    <TestList name="Results Not in a List" id="8c84fa94-04c1-424b-9868-57a2d4851a1d" />
    <TestList name="All Loaded Results" id="19431567-8539-422a-85d7-44ee4e166bda" />
  </TestLists>
  <TestEntries>
    <TestEntry testId="195b2bff-14f1-429f-53f6-22f000228760" executionId="46707e6d-f399-4df2-9e4c-4964f94cf5db" testListId="8c84fa94-04c1-424b-9868-57a2d4851a1d" />
    <TestEntry testId="30282ccf-8089-a760-df28-e70b9fe4acd8" executionId="6128ddc8-7499-4d81-8aa8-e3ad6174cd0f" testListId="8c84fa94-04c1-424b-9868-57a2d4851a1d" />
    <TestEntry testId="3728e9d3-be19-a6c9-288c-bd5c59a8ff6c" executionId="e8ccaa5c-352b-4460-996d-b8581131f905" testListId="8c84fa94-04c1-424b-9868-57a2d4851a1d" />
    <TestEntry testId="85f05119-b65c-f07d-be58-7782c8847530" executionId="8d77caba-9006-48dc-b483-614c3b2e1f0c" testListId="8c84fa94-04c1-424b-9868-57a2d4851a1d" />
    <TestEntry testId="93b3c708-2b44-119b-ab40-3047a62ede22" executionId="56e775d0-6596-431f-9079-99f3e12b1d1b" testListId="8c84fa94-04c1-424b-9868-57a2d4851a1d" />
    <TestEntry testId="98e9d748-47c8-48e8-5279-6704a97d2d67" executionId="255b74c7-c3e1-462d-a725-e42824099208" testListId="8c84fa94-04c1-424b-9868-57a2d4851a1d" />
    <TestEntry testId="a7c6e228-2395-cfba-3e41-d7ea50c38b95" executionId="5b2ffadf-6df0-49bd-a2f7-c16e3c06232f" testListId="8c84fa94-04c1-424b-9868-57a2d4851a1d" />
    <TestEntry testId="b2026308-33b4-0f1a-e1dd-2c3dd8d079ca" executionId="080b6fc0-4015-4f31-8d73-66e8adcd692b" testListId="8c84fa94-04c1-424b-9868-57a2d4851a1d" />
    <TestEntry testId="b351b4a4-3702-7f3d-9b25-abc379caff38" executionId="c3da5a4e-964c-423f-832d-df18355173c6" testListId="8c84fa94-04c1-424b-9868-57a2d4851a1d" />
    <TestEntry testId="f2142372-e954-6c1e-5dcc-05755cfcc659" executionId="e0804d83-de73-48b5-a87d-c2d718e5c663" testListId="8c84fa94-04c1-424b-9868-57a2d4851a1d" />
  </TestEntries>
  <Results>
    <UnitTestResult executionId="46707e6d-f399-4df2-9e4c-4964f94cf5db" testId="195b2bff-14f1-429f-53f6-22f000228760" testName="Admin_User_Can_Revoke_Catalog_Access_To_User_And_ChildUsers" computerName="AUGUSTSRV1" duration="00:00:00.2179290" startTime="2010-05-20T11:44:38.4036328+02:00" endTime="2010-05-20T11:44:38.9486639+02:00" testType="13cdc9d9-ddb5-4fa4-a97d-d965ccfc6d4b" outcome="Passed" testListId="8c84fa94-04c1-424b-9868-57a2d4851a1d" relativeResultsDirectory="46707e6d-f399-4df2-9e4c-4964f94cf5db">
    </UnitTestResult>
    <UnitTestResult executionId="6128ddc8-7499-4d81-8aa8-e3ad6174cd0f" testId="30282ccf-8089-a760-df28-e70b9fe4acd8" testName="Non_Admin_User_Sees_No_Sub_Users_In_Hierarchy" computerName="AUGUSTSRV1" duration="00:00:00.0159934" startTime="2010-05-20T11:44:38.9496640+02:00" endTime="2010-05-20T11:44:38.9686651+02:00" testType="13cdc9d9-ddb5-4fa4-a97d-d965ccfc6d4b" outcome="Passed" testListId="8c84fa94-04c1-424b-9868-57a2d4851a1d" relativeResultsDirectory="6128ddc8-7499-4d81-8aa8-e3ad6174cd0f">
    </UnitTestResult>
    <UnitTestResult executionId="e8ccaa5c-352b-4460-996d-b8581131f905" testId="3728e9d3-be19-a6c9-288c-bd5c59a8ff6c" testName="Can_Delete_Users_Without_Taking_Ownership" computerName="AUGUSTSRV1" duration="00:00:00.0001174" startTime="2010-05-20T11:44:38.9696651+02:00" endTime="2010-05-20T11:44:38.9896663+02:00" testType="13cdc9d9-ddb5-4fa4-a97d-d965ccfc6d4b" outcome="Passed" testListId="8c84fa94-04c1-424b-9868-57a2d4851a1d" relativeResultsDirectory="e8ccaa5c-352b-4460-996d-b8581131f905">
    </UnitTestResult>
    <UnitTestResult executionId="8d77caba-9006-48dc-b483-614c3b2e1f0c" testId="85f05119-b65c-f07d-be58-7782c8847530" testName="User_Detail_Returns_Correct_User" computerName="AUGUSTSRV1" duration="00:00:00.0055108" startTime="2010-05-20T11:44:38.9906663+02:00" endTime="2010-05-20T11:44:38.9996668+02:00" testType="13cdc9d9-ddb5-4fa4-a97d-d965ccfc6d4b" outcome="Passed" testListId="8c84fa94-04c1-424b-9868-57a2d4851a1d" relativeResultsDirectory="8d77caba-9006-48dc-b483-614c3b2e1f0c">
    </UnitTestResult>
    <UnitTestResult executionId="56e775d0-6596-431f-9079-99f3e12b1d1b" testId="93b3c708-2b44-119b-ab40-3047a62ede22" testName="Super_Admin_Sees_All_Users_In_Hierarchy" computerName="AUGUSTSRV1" duration="00:00:00.0169303" startTime="2010-05-20T11:44:39.0006669+02:00" endTime="2010-05-20T11:44:39.0206681+02:00" testType="13cdc9d9-ddb5-4fa4-a97d-d965ccfc6d4b" outcome="Failed" testListId="8c84fa94-04c1-424b-9868-57a2d4851a1d" relativeResultsDirectory="56e775d0-6596-431f-9079-99f3e12b1d1b">
      <Output>
        <ErrorInfo>
          <Message>Assert.AreEqual failed. Expected:&lt;1&gt;. Actual:&lt;9&gt;. </Message>
          <StackTrace>   at Codewerks.SongSearch.Web.Tests.Services.UserManagementTests.Super_Admin_Sees_All_Users_In_Hierarchy() in D:\DevProjects\SongSearch\Codewerks.SongSearch.Web.Tests\Services\UserManagementTests.cs:line 118
</StackTrace>
        </ErrorInfo>
      </Output>
    </UnitTestResult>
    <UnitTestResult executionId="255b74c7-c3e1-462d-a725-e42824099208" testId="98e9d748-47c8-48e8-5279-6704a97d2d67" testName="Admin_User_Can_Assign_Child_User_to_Admin_Role" computerName="AUGUSTSRV1" duration="00:00:00.0242464" startTime="2010-05-20T11:44:39.0216681+02:00" endTime="2010-05-20T11:44:39.0496697+02:00" testType="13cdc9d9-ddb5-4fa4-a97d-d965ccfc6d4b" outcome="Passed" testListId="8c84fa94-04c1-424b-9868-57a2d4851a1d" relativeResultsDirectory="255b74c7-c3e1-462d-a725-e42824099208">
    </UnitTestResult>
    <UnitTestResult executionId="5b2ffadf-6df0-49bd-a2f7-c16e3c06232f" testId="a7c6e228-2395-cfba-3e41-d7ea50c38b95" testName="Can_Return_Users_In_Hierarchy" computerName="AUGUSTSRV1" duration="00:00:00.0033392" startTime="2010-05-20T11:44:39.0506698+02:00" endTime="2010-05-20T11:44:39.0566701+02:00" testType="13cdc9d9-ddb5-4fa4-a97d-d965ccfc6d4b" outcome="Passed" testListId="8c84fa94-04c1-424b-9868-57a2d4851a1d" relativeResultsDirectory="5b2ffadf-6df0-49bd-a2f7-c16e3c06232f">
    </UnitTestResult>
    <UnitTestResult executionId="080b6fc0-4015-4f31-8d73-66e8adcd692b" testId="b2026308-33b4-0f1a-e1dd-2c3dd8d079ca" testName="There_Is_At_Least_One_SuperAdmin" computerName="AUGUSTSRV1" duration="00:00:00.0167867" startTime="2010-05-20T11:44:39.0576702+02:00" endTime="2010-05-20T11:44:39.0776713+02:00" testType="13cdc9d9-ddb5-4fa4-a97d-d965ccfc6d4b" outcome="Passed" testListId="8c84fa94-04c1-424b-9868-57a2d4851a1d" relativeResultsDirectory="080b6fc0-4015-4f31-8d73-66e8adcd692b">
    </UnitTestResult>
    <UnitTestResult executionId="c3da5a4e-964c-423f-832d-df18355173c6" testId="b351b4a4-3702-7f3d-9b25-abc379caff38" testName="Can_Delete_Users_And_Take_Ownership" computerName="AUGUSTSRV1" duration="00:00:00.0001036" startTime="2010-05-20T11:44:39.0786714+02:00" endTime="2010-05-20T11:44:39.0816715+02:00" testType="13cdc9d9-ddb5-4fa4-a97d-d965ccfc6d4b" outcome="Passed" testListId="8c84fa94-04c1-424b-9868-57a2d4851a1d" relativeResultsDirectory="c3da5a4e-964c-423f-832d-df18355173c6">
    </UnitTestResult>
    <UnitTestResult executionId="e0804d83-de73-48b5-a87d-c2d718e5c663" testId="f2142372-e954-6c1e-5dcc-05755cfcc659" testName="Admin_User_Sees_Only_Sub_Users_In_Hierarchy" computerName="AUGUSTSRV1" duration="00:00:00.0220745" startTime="2010-05-20T11:44:39.0826716+02:00" endTime="2010-05-20T11:44:39.1076730+02:00" testType="13cdc9d9-ddb5-4fa4-a97d-d965ccfc6d4b" outcome="Passed" testListId="8c84fa94-04c1-424b-9868-57a2d4851a1d" relativeResultsDirectory="e0804d83-de73-48b5-a87d-c2d718e5c663">
    </UnitTestResult>
  </Results>
</TestRun>