<?xml version="1.0" encoding="UTF-8"?>
<TestRun id="ffbedbd3-f8cb-4cf0-a834-14a81aad7b3e" name="claus@AUGUSTSRV1 2010-05-13 16:47:57" runUser="AUGUSTSRV1\claus" xmlns="http://microsoft.com/schemas/VisualStudio/TeamTest/2010">
  <TestSettings name="Default Test Settings" id="2fe7a794-f10d-4509-9ed3-32e878709c9a">
    <Deployment runDeploymentRoot="claus_AUGUSTSRV1 2010-05-13 16_47_57">
      <DeploymentItem filename="D:\DevProjects\SongSearch\SongSearch.Web\bin\SongSearch.Web.dll" />
    </Deployment>
    <Execution>
      <TestTypeSpecific />
      <AgentRule name="Execution Agents">
      </AgentRule>
    </Execution>
  </TestSettings>
  <Times creation="2010-05-13T16:47:57.2678162+02:00" queuing="2010-05-13T16:47:58.1498667+02:00" start="2010-05-13T16:47:58.2588729+02:00" finish="2010-05-13T16:48:13.1027219+02:00" />
  <ResultSummary outcome="Failed">
    <Counters total="1" executed="1" error="0" failed="1" timeout="0" aborted="0" inconclusive="0" passedButRunAborted="0" notRunnable="0" notExecuted="0" disconnected="0" warning="0" passed="0" completed="0" inProgress="0" pending="0" />
  </ResultSummary>
  <TestDefinitions>
    <UnitTest name="Can_Register_User" storage="d:\devprojects\songsearch\codewerks.songsearch.web.tests\bin\debug\codewerks.songsearch.web.tests.dll" id="383df81d-0cf7-f78f-00b8-047cdd4e0106">
      <Execution id="4aea737b-0286-4108-85a0-05fe7c8e071d" />
      <TestMethod codeBase="D:/DevProjects/SongSearch/Codewerks.SongSearch.Web.Tests/bin/Debug/Codewerks.SongSearch.Web.Tests.DLL" adapterTypeName="Microsoft.VisualStudio.TestTools.TestTypes.Unit.UnitTestAdapter, Microsoft.VisualStudio.QualityTools.Tips.UnitTest.Adapter, Version=10.0.0.0, Culture=neutral, PublicKeyToken=b03f5f7f11d50a3a" className="Codewerks.SongSearch.Web.Tests.Services.AccountServiceTests, Codewerks.SongSearch.Web.Tests, Version=1.0.0.0, Culture=neutral, PublicKeyToken=null" name="Can_Register_User" />
    </UnitTest>
  </TestDefinitions>
  <TestLists>
    <TestList name="Results Not in a List" id="8c84fa94-04c1-424b-9868-57a2d4851a1d" />
    <TestList name="All Loaded Results" id="19431567-8539-422a-85d7-44ee4e166bda" />
  </TestLists>
  <TestEntries>
    <TestEntry testId="383df81d-0cf7-f78f-00b8-047cdd4e0106" executionId="4aea737b-0286-4108-85a0-05fe7c8e071d" testListId="8c84fa94-04c1-424b-9868-57a2d4851a1d" />
  </TestEntries>
  <Results>
    <UnitTestResult executionId="4aea737b-0286-4108-85a0-05fe7c8e071d" testId="383df81d-0cf7-f78f-00b8-047cdd4e0106" testName="Can_Register_User" computerName="AUGUSTSRV1" duration="00:00:11.9698203" startTime="2010-05-13T16:47:58.3628789+02:00" endTime="2010-05-13T16:48:11.5096308+02:00" testType="13cdc9d9-ddb5-4fa4-a97d-d965ccfc6d4b" outcome="Failed" testListId="8c84fa94-04c1-424b-9868-57a2d4851a1d" relativeResultsDirectory="4aea737b-0286-4108-85a0-05fe7c8e071d">
      <Output>
        <ErrorInfo>
          <Message>Test method Codewerks.SongSearch.Web.Tests.Services.AccountServiceTests.Can_Register_User threw exception: 
System.InvalidOperationException: Sequence contains more than one element</Message>
          <StackTrace>    at System.Linq.Enumerable.SingleOrDefault[TSource](IEnumerable`1 source)
   at System.Data.Objects.ELinq.ObjectQueryProvider.&lt;GetElementFunction&gt;b__2[TResult](IEnumerable`1 sequence)
   at System.Data.Objects.ELinq.ObjectQueryProvider.ExecuteSingle[TResult](IEnumerable`1 query, Expression queryRoot)
   at System.Data.Objects.ELinq.ObjectQueryProvider.System.Linq.IQueryProvider.Execute[S](Expression expression)
   at System.Linq.Queryable.SingleOrDefault[TSource](IQueryable`1 source, Expression`1 predicate)
   at SongSearch.Web.Data.EFSession.Single[T](Expression`1 expression) in D:\DevProjects\SongSearch\SongSearch.Web\Infrastructure\Storage\EF\EFSession.cs:line 69
   at SongSearch.Web.Services.AccountService.GetUser(String userName) in D:\DevProjects\SongSearch\SongSearch.Web\Services\AccountService.cs:line 165
   at SongSearch.Web.Services.AccountService.UserExists(String userName) in D:\DevProjects\SongSearch\SongSearch.Web\Services\AccountService.cs:line 94
   at SongSearch.Web.Services.AccountService.RegisterUser(User user, Guid invitationCode) in D:\DevProjects\SongSearch\SongSearch.Web\Services\AccountService.cs:line 48
   at Codewerks.SongSearch.Web.Tests.Services.AccountServiceTests.Can_Register_User() in D:\DevProjects\SongSearch\Codewerks.SongSearch.Web.Tests\Services\AccountServiceTests.cs:line 39
</StackTrace>
        </ErrorInfo>
      </Output>
    </UnitTestResult>
  </Results>
</TestRun>